SELECT
	f.weight,
	f.r_fighter_odds,
	f.b_fighter_odds,
	-- f.date,
    CASE 
        WHEN f.winner = f.r_name THEN 'Red'
        WHEN f.winner = f.b_name THEN 'Blue'
        ELSE 'DRAW'
    END AS winner,
    r_fighter.gender AS gender,
    --r_ columns
    r_stats.age AS r_age,
    r_stats.wins AS r_wins,
    r_stats.losses AS r_losses,
    r_stats.draws AS r_draws,
    r_fighter.stance AS r_stance,
    r_fighter.height AS r_height,
    r_fighter.reach AS r_reach,
    r_stats.opponent_wins AS r_opponent_wins,
    r_stats.opponent_loses AS r_opponent_loses,
    r_stats.championship_fights AS r_championship_fights,
    r_stats.sig_str_landed AS r_sig_str_landed,
    r_stats.sig_str_attempted AS r_sig_str_attempted,
    r_stats.sig_str_absorbed AS r_sig_str_absorbed,
    r_stats.sig_str_evaded AS r_sig_str_evaded,
    r_stats.head_landed AS r_head_landed,
    r_stats.head_attempted AS r_head_attempted,
    r_stats.head_absorbed AS r_head_absorbed,
    r_stats.head_evaded AS r_head_evaded,
    r_stats.body_landed AS r_body_landed,
    r_stats.body_attempted AS r_body_attempted,
    r_stats.body_absorbed AS r_body_absorbed,
    r_stats.body_evaded AS r_body_evaded,
    r_stats.legs_landed AS r_legs_landed,
    r_stats.legs_attempted AS r_legs_attempted,
    r_stats.legs_absorbed AS r_legs_absorbed,
    r_stats.legs_evaded AS r_legs_evaded,
    r_stats.distance_landed AS r_distance_landed,
    r_stats.distance_attempted AS r_distance_attempted,
    r_stats.distance_absorbed AS r_distance_absorbed,
    r_stats.distance_evaded AS r_distance_evaded,
    r_stats.clinch_landed AS r_clinch_landed,
    r_stats.clinch_attempted AS r_clinch_attempted,
    r_stats.clinch_absorbed AS r_clinch_absorbed,
    r_stats.clinch_evaded AS r_clinch_evaded,
    r_stats.ground_landed AS r_ground_landed,
    r_stats.ground_attempted AS r_ground_attempted,
    r_stats.ground_absorbed AS r_ground_absorbed,
    r_stats.ground_evaded AS r_ground_evaded,
    r_stats.total_str_landed AS r_total_str_landed,
    r_stats.total_str_attempted AS r_total_str_attempted,
    r_stats.total_str_absorbed AS r_total_str_absorbed,
    r_stats.total_str_evaded AS r_total_str_evaded,
    r_stats.TD_landed AS r_TD_landed,
    r_stats.TD_attempted AS r_TD_attempted,
    r_stats.TD_absorbed AS r_TD_absorbed,
    r_stats.TD_evaded AS r_TD_evaded,
    r_stats.KD_landed AS r_KD_landed,
    r_stats.KD_absorbed AS r_KD_absorbed,
    r_stats.subs_attempted AS r_subs_attempted,
    r_stats.subs_evaded AS r_subs_evaded,
    r_stats.ctrl_time AS r_ctrl_time,
    r_stats.opponent_ctrl_time AS r_opponent_ctrl_time,
    r_stats.round_1_sig_str_landed AS r_round_1_sig_str_landed,
    r_stats.round_1_sig_str_attempted AS r_round_1_sig_str_attempted,
    r_stats.round_1_sig_str_absorbed AS r_round_1_sig_str_absorbed,
    r_stats.round_1_sig_str_evaded AS r_round_1_sig_str_evaded,
    r_stats.round_2_sig_str_landed AS r_round_2_sig_str_landed,
    r_stats.round_2_sig_str_attempted AS r_round_2_sig_str_attempted,
    r_stats.round_2_sig_str_absorbed AS r_round_2_sig_str_absorbed,
    r_stats.round_2_sig_str_evaded AS r_round_2_sig_str_evaded,
    r_stats.round_3_sig_str_landed AS r_round_3_sig_str_landed,
    r_stats.round_3_sig_str_attempted AS r_round_3_sig_str_attempted,
    r_stats.round_3_sig_str_absorbed AS r_round_3_sig_str_absorbed,
    r_stats.round_3_sig_str_evaded AS r_round_3_sig_str_evaded,
    r_stats.round_4_sig_str_landed AS r_round_4_sig_str_landed,
    r_stats.round_4_sig_str_attempted AS r_round_4_sig_str_attempted,
    r_stats.round_4_sig_str_absorbed AS r_round_4_sig_str_absorbed,
    r_stats.round_4_sig_str_evaded AS r_round_4_sig_str_evaded,
    r_stats.round_5_sig_str_landed AS r_round_5_sig_str_landed,
    r_stats.round_5_sig_str_attempted AS r_round_5_sig_str_attempted,
    r_stats.round_5_sig_str_absorbed AS r_round_5_sig_str_absorbed,
    r_stats.round_5_sig_str_evaded AS r_round_5_sig_str_evaded,
    r_stats.fight_time AS r_fight_time,
    r_stats.opponent_fight_time AS r_opponent_fight_time,
    r_stats.reversals AS r_reversals,
    --b_columns
    b_stats.age AS b_age,
    b_stats.wins AS b_wins,
    b_stats.losses AS b_losses,
    b_stats.draws AS b_draws,
    b_fighter.stance AS b_stance,
    b_fighter.height AS b_height,
    b_fighter.reach AS b_reach,
    b_stats.opponent_wins AS b_opponent_wins,
    b_stats.opponent_loses AS b_opponent_loses,
    b_stats.championship_fights AS b_championship_fights,
    b_stats.sig_str_landed AS b_sig_str_landed,
    b_stats.sig_str_attempted AS b_sig_str_attempted,
    b_stats.sig_str_absorbed AS b_sig_str_absorbed,
    b_stats.sig_str_evaded AS b_sig_str_evaded,
    b_stats.head_landed AS b_head_landed,
    b_stats.head_attempted AS b_head_attempted,
    b_stats.head_absorbed AS b_head_absorbed,
    b_stats.head_evaded AS b_head_evaded,
    b_stats.body_landed AS b_body_landed,
    b_stats.body_attempted AS b_body_attempted,
    b_stats.body_absorbed AS b_body_absorbed,
    b_stats.body_evaded AS b_body_evaded,
    b_stats.legs_landed AS b_legs_landed,
    b_stats.legs_attempted AS b_legs_attempted,
    b_stats.legs_absorbed AS b_legs_absorbed,
    b_stats.legs_evaded AS b_legs_evaded,
    b_stats.distance_landed AS b_distance_landed,
    b_stats.distance_attempted AS b_distance_attempted,
    b_stats.distance_absorbed AS b_distance_absorbed,
    b_stats.distance_evaded AS b_distance_evaded,
    b_stats.clinch_landed AS b_clinch_landed,
    b_stats.clinch_attempted AS b_clinch_attempted,
    b_stats.clinch_absorbed AS b_clinch_absorbed,
    b_stats.clinch_evaded AS b_clinch_evaded,
    b_stats.ground_landed AS b_ground_landed,
    b_stats.ground_attempted AS b_ground_attempted,
    b_stats.ground_absorbed AS b_ground_absorbed,
    b_stats.ground_evaded AS b_ground_evaded,
    b_stats.total_str_landed AS b_total_str_landed,
    b_stats.total_str_attempted AS b_total_str_attempted,
    b_stats.total_str_absorbed AS b_total_str_absorbed,
    b_stats.total_str_evaded AS b_total_str_evaded,
    b_stats.TD_landed AS b_TD_landed,
    b_stats.TD_attempted AS b_TD_attempted,
    b_stats.TD_absorbed AS b_TD_absorbed,
    b_stats.TD_evaded AS b_TD_evaded,
    b_stats.KD_landed AS b_KD_landed,
    b_stats.KD_absorbed AS b_KD_absorbed,
    b_stats.subs_attempted AS b_subs_attempted,
    b_stats.subs_evaded AS b_subs_evaded,
    b_stats.ctrl_time AS b_ctrl_time,
    b_stats.opponent_ctrl_time AS b_opponent_ctrl_time,
    b_stats.round_1_sig_str_landed AS b_round_1_sig_str_landed,
    b_stats.round_1_sig_str_attempted AS b_round_1_sig_str_attempted,
    b_stats.round_1_sig_str_absorbed AS b_round_1_sig_str_absorbed,
    b_stats.round_1_sig_str_evaded AS b_round_1_sig_str_evaded,
    b_stats.round_2_sig_str_landed AS b_round_2_sig_str_landed,
    b_stats.round_2_sig_str_attempted AS b_round_2_sig_str_attempted,
    b_stats.round_2_sig_str_absorbed AS b_round_2_sig_str_absorbed,
    b_stats.round_2_sig_str_evaded AS b_round_2_sig_str_evaded,
    b_stats.round_3_sig_str_landed AS b_round_3_sig_str_landed,
    b_stats.round_3_sig_str_attempted AS b_round_3_sig_str_attempted,
    b_stats.round_3_sig_str_absorbed AS b_round_3_sig_str_absorbed,
    b_stats.round_3_sig_str_evaded AS b_round_3_sig_str_evaded,
    b_stats.round_4_sig_str_landed AS b_round_4_sig_str_landed,
    b_stats.round_4_sig_str_attempted AS b_round_4_sig_str_attempted,
    b_stats.round_4_sig_str_absorbed AS b_round_4_sig_str_absorbed,
    b_stats.round_4_sig_str_evaded AS b_round_4_sig_str_evaded,
    b_stats.round_5_sig_str_landed AS b_round_5_sig_str_landed,
    b_stats.round_5_sig_str_attempted AS b_round_5_sig_str_attempted,
    b_stats.round_5_sig_str_absorbed AS b_round_5_sig_str_absorbed,
    b_stats.round_5_sig_str_evaded AS b_round_5_sig_str_evaded,
    b_stats.fight_time AS b_fight_time,
    b_stats.opponent_fight_time AS b_opponent_fight_time,
    b_stats.reversals AS b_reversals
FROM
    fights f
LEFT JOIN
    total_fight_stats r_stats ON f.r_total_stats_id = r_stats.id
LEFT JOIN
    total_fight_stats b_stats ON f.b_total_stats_id = b_stats.id
LEFT JOIN 
	fighters r_fighter ON f.r_fighter_id = r_fighter.id
LEFT JOIN 
	fighters b_fighter ON f.b_fighter_id = b_fighter.id
WHERE 
	r_fighter_id IS NOT NULL AND b_fighter_id IS NOT NULL 
	AND r_fighter_odds IS NOT NULL AND b_fighter_odds IS NOT NULL
	AND winner != '';